#-----------------------------------------------------------
# Vivado v2015.2 (64-bit)
# SW Build 1266856 on Fri Jun 26 16:35:25 MDT 2015
# IP Build 1264090 on Wed Jun 24 14:22:01 MDT 2015
# Start of session at: Thu Feb 21 19:39:28 2019
# Process ID: 9676
# Log file: D:/ARCHIVE/VIVADO_WORKPLACE/CPU/vivado.log
# Journal file: D:/ARCHIVE/VIVADO_WORKPLACE/CPU\vivado.jou
#-----------------------------------------------------------
start_gui
open_project D:/ARCHIVE/VIVADO_WORKPLACE/CPU/CPU.xpr
launch_simulation
launch_simulation
launch_simulation
source tb_datapath.tcl
launch_simulation -mode post-synthesis -type timing
source tb_datapath.tcl
reset_run synth_1
launch_runs synth_1
wait_on_run synth_1
file mkdir D:/ARCHIVE/VIVADO_WORKPLACE/CPU/CPU.srcs/constrs_1
file mkdir D:/ARCHIVE/VIVADO_WORKPLACE/CPU/CPU.srcs/constrs_1/new
close [ open D:/ARCHIVE/VIVADO_WORKPLACE/CPU/CPU.srcs/constrs_1/new/cstr.xdc w ]
add_files -fileset constrs_1 D:/ARCHIVE/VIVADO_WORKPLACE/CPU/CPU.srcs/constrs_1/new/cstr.xdc
reset_run synth_1
launch_runs impl_1
wait_on_run impl_1
# Disabling source management mode.  This is to allow the top design properties to be set without GUI intervention.
set_property source_mgmt_mode None [current_project]
set_property top View [current_fileset]
# Re-enabling previously disabled source management mode.
set_property source_mgmt_mode All [current_project]
update_compile_order -fileset sources_1
reset_run synth_1
launch_runs synth_1
wait_on_run synth_1
launch_runs impl_1
wait_on_run impl_1
open_run impl_1
launch_runs impl_1 -to_step write_bitstream
wait_on_run impl_1
reset_run impl_1 -prev_step 
open_hw
connect_hw_server
open_hw_target [lindex [get_hw_targets -of_objects [get_hw_servers localhost]] 0]
current_hw_device [lindex [get_hw_devices] 0]
refresh_hw_device -update_hw_probes false [lindex [get_hw_devices] 0]
launch_runs impl_1 -to_step write_bitstream
wait_on_run impl_1
set_property PROBES.FILE {} [lindex [get_hw_devices] 0]
set_property PROGRAM.FILE {D:/ARCHIVE/VIVADO_WORKPLACE/CPU/CPU.runs/impl_1/View.bit} [lindex [get_hw_devices] 0]
program_hw_devices [lindex [get_hw_devices] 0]
refresh_hw_device [lindex [get_hw_devices] 0]
set_property PROBES.FILE {} [lindex [get_hw_devices] 0]
set_property PROGRAM.FILE {D:/ARCHIVE/VIVADO_WORKPLACE/CPU/CPU.runs/impl_1/View.bit} [lindex [get_hw_devices] 0]
program_hw_devices [lindex [get_hw_devices] 0]
refresh_hw_device [lindex [get_hw_devices] 0]
close_hw_target
close_hw
close_design
close_design
close_sim
launch_simulation
source tb_datapath.tcl
reset_run synth_1
launch_runs synth_1
wait_on_run synth_1
close_sim
launch_simulation -mode post-synthesis -type timing
source tb_datapath.tcl
close_sim
close_sim
reset_run synth_1
launch_runs impl_1
wait_on_run impl_1
