#-----------------------------------------------------------
# Vivado v2015.2 (64-bit)
# SW Build 1266856 on Fri Jun 26 16:35:25 MDT 2015
# IP Build 1264090 on Wed Jun 24 14:22:01 MDT 2015
# Start of session at: Thu Feb 21 08:02:24 2019
# Process ID: 11540
# Log file: D:/ARCHIVE/VIVADO_WORKPLACE/CPU/vivado.log
# Journal file: D:/ARCHIVE/VIVADO_WORKPLACE/CPU\vivado.jou
#-----------------------------------------------------------
start_gui
open_project D:/ARCHIVE/VIVADO_WORKPLACE/CPU/CPU.xpr
launch_simulation
source tb_datapath.tcl
close_sim
launch_simulation
source tb_datapath.tcl
close_sim
launch_simulation
source tb_datapath.tcl
close_sim
launch_simulation
source tb_datapath.tcl
close_sim
update_compile_order -fileset sources_1
update_compile_order -fileset sources_1
launch_simulation
source tb_datapath.tcl
close_sim
launch_simulation
source tb_datapath.tcl
close_sim
update_compile_order -fileset sources_1
launch_simulation
update_compile_order -fileset sources_1
launch_simulation
launch_simulation
source tb_datapath.tcl
close_sim
launch_simulation
source tb_datapath.tcl
close_sim
launch_simulation
source tb_datapath.tcl
set_property -name {xsim.simulate.runtime} -value {10000ns} -objects [current_fileset -simset]
close_sim
launch_simulation
source tb_datapath.tcl
run all
