Copyright 1986-2015 Xilinx, Inc. All Rights Reserved.
------------------------------------------------------------------------------------
| Tool Version : Vivado v.2015.2 (win64) Build 1266856 Fri Jun 26 16:35:25 MDT 2015
| Date         : Fri Feb 22 21:19:41 2019
| Host         : DESKTOP-2EGO8KQ running 64-bit major release  (build 9200)
| Command      : report_control_sets -verbose -file View_control_sets_placed.rpt
| Design       : View
| Device       : xc7a100t
------------------------------------------------------------------------------------

Control Set Information

Table of Contents
-----------------
1. Summary
2. Flip-Flop Distribution
3. Detailed Control Set Information

1. Summary
----------

+-------------------------------------------------------------------+-------+
|                               Status                              | Count |
+-------------------------------------------------------------------+-------+
| Number of unique control sets                                     |   271 |
| Minimum Number of register sites lost to control set restrictions |    34 |
+-------------------------------------------------------------------+-------+


2. Flip-Flop Distribution
-------------------------

+--------------+-----------------------+------------------------+-----------------+--------------+
| Clock Enable | Synchronous Set/Reset | Asynchronous Set/Reset | Total Registers | Total Slices |
+--------------+-----------------------+------------------------+-----------------+--------------+
| No           | No                    | No                     |              62 |           29 |
| No           | No                    | Yes                    |               0 |            0 |
| No           | Yes                   | No                     |             120 |           41 |
| Yes          | No                    | No                     |              32 |           11 |
| Yes          | No                    | Yes                    |               0 |            0 |
| Yes          | Yes                   | No                     |            8224 |         5509 |
+--------------+-----------------------+------------------------+-----------------+--------------+


3. Detailed Control Set Information
-----------------------------------

+---------------------------------------+---------------------------------------+------------------------------------------+------------------+----------------+
|              Clock Signal             |             Enable Signal             |             Set/Reset Signal             | Slice Load Count | Bel Load Count |
+---------------------------------------+---------------------------------------+------------------------------------------+------------------+----------------+
|  n_0_17563_BUFG                       |                                       |                                          |                1 |              1 |
|  clk_IBUF_BUFG                        |                                       |                                          |                2 |              2 |
|  cpu/datapath/A2/AluOp_reg[3]_i_2_n_3 |                                       |                                          |                1 |              4 |
|  cpu/divider/Clk_ms                   |                                       |                                          |                1 |              4 |
|  finddata/showDivider/showClk         |                                       | finddata/AN[7]_i_1_n_3                   |                1 |              4 |
|  finddata/showDivider/showClk         |                                       | finddata/count_reg_n_3_[3]               |                4 |              4 |
|  finddata/showDivider/showClk         |                                       |                                          |                5 |              8 |
|  n_0_17563_BUFG                       | cpu/datapath/BranchCirc0              | cpu/RSTBS/Rst                            |                4 |             16 |
|  n_0_17563_BUFG                       | cpu/datapath/NobranchCirc[0]_i_1_n_3  | cpu/RSTBS/Rst                            |                4 |             16 |
|  n_0_17563_BUFG                       | cpu/datapath/A2/Mem_reg[171][31][0]   | cpu/RSTBS/Rst                            |               16 |             32 |
|  n_0_17563_BUFG                       | cpu/datapath/A2/Mem_reg[172][31][0]   | cpu/RSTBS/Rst                            |               17 |             32 |
|  n_0_17563_BUFG                       | cpu/datapath/A2/Mem_reg[173][31][0]   | cpu/RSTBS/Rst                            |               20 |             32 |
|  n_0_17563_BUFG                       | cpu/datapath/A2/Mem_reg[174][31][0]   | cpu/RSTBS/Rst                            |               16 |             32 |
|  n_0_17563_BUFG                       | cpu/datapath/A2/Mem_reg[175][31][0]   | cpu/RSTBS/Rst                            |               16 |             32 |
|  n_0_17563_BUFG                       | cpu/datapath/A2/Mem_reg[176][31][0]   | cpu/RSTBS/Rst                            |               21 |             32 |
|  n_0_17563_BUFG                       | cpu/datapath/A2/Mem_reg[177][31][0]   | cpu/RSTBS/Rst                            |               20 |             32 |
|  n_0_17563_BUFG                       | cpu/datapath/A2/Mem_reg[178][31][0]   | cpu/RSTBS/Rst                            |               22 |             32 |
|  n_0_17563_BUFG                       | cpu/datapath/A2/Mem_reg[179][31][0]   | cpu/RSTBS/Rst                            |               23 |             32 |
|  n_0_17563_BUFG                       | cpu/datapath/A2/Mem_reg[17][31][0]    | cpu/RSTBS/Rst                            |               22 |             32 |
|  n_0_17563_BUFG                       | cpu/datapath/A2/Mem_reg[180][31][0]   | cpu/RSTBS/Rst                            |               19 |             32 |
|  n_0_17563_BUFG                       | cpu/datapath/A2/Mem_reg[181][31][0]   | cpu/RSTBS/Rst                            |               21 |             32 |
|  n_0_17563_BUFG                       | cpu/datapath/A2/Mem_reg[182][31][0]   | cpu/RSTBS/Rst                            |               19 |             32 |
|  n_0_17563_BUFG                       | cpu/datapath/A2/Mem_reg[183][31][0]   | cpu/RSTBS/Rst                            |               20 |             32 |
|  n_0_17563_BUFG                       | cpu/datapath/A2/Mem_reg[184][31][0]   | cpu/RSTBS/Rst                            |               22 |             32 |
|  n_0_17563_BUFG                       | cpu/datapath/A2/Mem_reg[185][31][0]   | cpu/RSTBS/Rst                            |               21 |             32 |
|  n_0_17563_BUFG                       | cpu/datapath/A2/Mem_reg[186][31][0]   | cpu/RSTBS/Rst                            |               19 |             32 |
|  n_0_17563_BUFG                       | cpu/datapath/A2/Mem_reg[187][31][0]   | cpu/RSTBS/Rst                            |               23 |             32 |
|  n_0_17563_BUFG                       | cpu/datapath/A2/Mem_reg[188][31][0]   | cpu/RSTBS/Rst                            |               22 |             32 |
|  n_0_17563_BUFG                       | cpu/datapath/A2/Mem_reg[189][31][0]   | cpu/RSTBS/Rst                            |               24 |             32 |
|  n_0_17563_BUFG                       | cpu/datapath/A2/Mem_reg[18][31][0]    | cpu/RSTBS/Rst                            |               21 |             32 |
|  n_0_17563_BUFG                       | cpu/datapath/A2/Mem_reg[190][31][0]   | cpu/RSTBS/Rst                            |               20 |             32 |
|  n_0_17563_BUFG                       | cpu/datapath/A2/Mem_reg[191][31]_0[0] | cpu/RSTBS/Rst                            |               18 |             32 |
|  n_0_17563_BUFG                       | cpu/datapath/A2/Mem_reg[193][31][0]   | cpu/RSTBS/Rst                            |               26 |             32 |
|  n_0_17563_BUFG                       | cpu/datapath/A2/Mem_reg[194][31][0]   | cpu/RSTBS/Rst                            |               20 |             32 |
|  n_0_17563_BUFG                       | cpu/datapath/A2/Mem_reg[195][31][0]   | cpu/RSTBS/Rst                            |               22 |             32 |
|  n_0_17563_BUFG                       | cpu/datapath/A2/Mem_reg[196][31][0]   | cpu/RSTBS/Rst                            |               25 |             32 |
|  n_0_17563_BUFG                       | cpu/datapath/A2/Mem_reg[197][31][0]   | cpu/RSTBS/Rst                            |               24 |             32 |
|  n_0_17563_BUFG                       | cpu/datapath/A2/Mem_reg[198][31][0]   | cpu/RSTBS/Rst                            |               23 |             32 |
|  n_0_17563_BUFG                       | cpu/datapath/A2/Mem_reg[199][31][0]   | cpu/RSTBS/Rst                            |               24 |             32 |
|  n_0_17563_BUFG                       | cpu/datapath/A2/Mem_reg[19][31][0]    | cpu/RSTBS/Rst                            |               21 |             32 |
|  n_0_17563_BUFG                       | cpu/datapath/A2/Mem_reg[1][31][0]     | cpu/RSTBS/Rst                            |               24 |             32 |
|  n_0_17563_BUFG                       | cpu/datapath/A2/Mem_reg[200][31][0]   | cpu/RSTBS/Rst                            |               24 |             32 |
|  n_0_17563_BUFG                       | cpu/datapath/A2/Mem_reg[201][31][0]   | cpu/RSTBS/Rst                            |               20 |             32 |
|  n_0_17563_BUFG                       | cpu/datapath/A2/Mem_reg[202][31][0]   | cpu/RSTBS/Rst                            |               22 |             32 |
|  n_0_17563_BUFG                       | cpu/datapath/A2/Mem_reg[203][31][0]   | cpu/RSTBS/Rst                            |               23 |             32 |
|  n_0_17563_BUFG                       | cpu/datapath/A2/Mem_reg[204][31][0]   | cpu/RSTBS/Rst                            |               23 |             32 |
|  n_0_17563_BUFG                       | cpu/datapath/A2/Mem_reg[205][31][0]   | cpu/RSTBS/Rst                            |               25 |             32 |
|  n_0_17563_BUFG                       | cpu/datapath/A2/Mem_reg[206][31][0]   | cpu/RSTBS/Rst                            |               19 |             32 |
|  n_0_17563_BUFG                       | cpu/datapath/A2/Mem_reg[207][31][0]   | cpu/RSTBS/Rst                            |               23 |             32 |
|  n_0_17563_BUFG                       | cpu/datapath/A2/Mem_reg[208][31][0]   | cpu/RSTBS/Rst                            |               19 |             32 |
|  n_0_17563_BUFG                       | cpu/datapath/A2/Mem_reg[209][31][0]   | cpu/RSTBS/Rst                            |               19 |             32 |
|  n_0_17563_BUFG                       | cpu/datapath/A2/Mem_reg[20][31][0]    | cpu/RSTBS/Rst                            |               20 |             32 |
|  n_0_17563_BUFG                       | cpu/datapath/A2/Mem_reg[210][31][0]   | cpu/RSTBS/Rst                            |               19 |             32 |
|  n_0_17563_BUFG                       | cpu/datapath/A2/Mem_reg[211][31][0]   | cpu/RSTBS/Rst                            |               21 |             32 |
|  n_0_17563_BUFG                       | cpu/datapath/A2/Mem_reg[212][31][0]   | cpu/RSTBS/Rst                            |               22 |             32 |
|  n_0_17563_BUFG                       | cpu/datapath/A2/Mem_reg[213][31][0]   | cpu/RSTBS/Rst                            |               19 |             32 |
|  n_0_17563_BUFG                       | cpu/datapath/A2/Mem_reg[125][31][0]   | cpu/RSTBS/Rst                            |               22 |             32 |
|  n_0_17563_BUFG                       | cpu/datapath/A2/Mem_reg[126][31][0]   | cpu/RSTBS/Rst                            |               19 |             32 |
|  n_0_17563_BUFG                       | cpu/datapath/A2/Mem_reg[127][31][0]   | cpu/RSTBS/Rst                            |               23 |             32 |
|  n_0_17563_BUFG                       | cpu/datapath/A2/Mem_reg[128][31][0]   | cpu/RSTBS/Rst                            |               19 |             32 |
|  n_0_17563_BUFG                       | cpu/datapath/A2/Mem_reg[129][31][0]   | cpu/RSTBS/Rst                            |               22 |             32 |
|  n_0_17563_BUFG                       | cpu/datapath/A2/Mem_reg[12][31][0]    | cpu/RSTBS/Rst                            |               23 |             32 |
|  n_0_17563_BUFG                       | cpu/datapath/A2/Mem_reg[130][31][0]   | cpu/RSTBS/Rst                            |               21 |             32 |
|  n_0_17563_BUFG                       | cpu/datapath/A2/Mem_reg[131][31][0]   | cpu/RSTBS/Rst                            |               19 |             32 |
|  n_0_17563_BUFG                       | cpu/datapath/A2/Mem_reg[132][31][0]   | cpu/RSTBS/Rst                            |               21 |             32 |
|  n_0_17563_BUFG                       | cpu/datapath/A2/Mem_reg[133][31][0]   | cpu/RSTBS/Rst                            |               18 |             32 |
|  n_0_17563_BUFG                       | cpu/datapath/A2/Mem_reg[134][31][0]   | cpu/RSTBS/Rst                            |               18 |             32 |
|  n_0_17563_BUFG                       | cpu/datapath/A2/Mem_reg[135][31][0]   | cpu/RSTBS/Rst                            |               21 |             32 |
|  n_0_17563_BUFG                       | cpu/datapath/A2/Mem_reg[136][31][0]   | cpu/RSTBS/Rst                            |               22 |             32 |
|  n_0_17563_BUFG                       | cpu/datapath/A2/Mem_reg[137][31][0]   | cpu/RSTBS/Rst                            |               19 |             32 |
|  n_0_17563_BUFG                       | cpu/datapath/A2/Mem_reg[138][31][0]   | cpu/RSTBS/Rst                            |               23 |             32 |
|  n_0_17563_BUFG                       | cpu/datapath/A2/Mem_reg[139][31][0]   | cpu/RSTBS/Rst                            |               23 |             32 |
|  n_0_17563_BUFG                       | cpu/datapath/A2/Mem_reg[13][31][0]    | cpu/RSTBS/Rst                            |               25 |             32 |
|  n_0_17563_BUFG                       | cpu/datapath/A2/Mem_reg[140][31][0]   | cpu/RSTBS/Rst                            |               21 |             32 |
|  n_0_17563_BUFG                       | cpu/datapath/A2/Mem_reg[141][31][0]   | cpu/RSTBS/Rst                            |               22 |             32 |
|  n_0_17563_BUFG                       | cpu/datapath/A2/Mem_reg[142][31][0]   | cpu/RSTBS/Rst                            |               23 |             32 |
|  n_0_17563_BUFG                       | cpu/datapath/A2/Mem_reg[143][31][0]   | cpu/RSTBS/Rst                            |               21 |             32 |
|  n_0_17563_BUFG                       | cpu/datapath/A2/Mem_reg[144][31][0]   | cpu/RSTBS/Rst                            |               18 |             32 |
|  n_0_17563_BUFG                       | cpu/datapath/A2/Mem_reg[145][31][0]   | cpu/RSTBS/Rst                            |               20 |             32 |
|  n_0_17563_BUFG                       | cpu/datapath/A2/Mem_reg[146][31][0]   | cpu/RSTBS/Rst                            |               19 |             32 |
|  n_0_17563_BUFG                       | cpu/datapath/A2/Mem_reg[147][31][0]   | cpu/RSTBS/Rst                            |               18 |             32 |
|  n_0_17563_BUFG                       | cpu/datapath/A2/Mem_reg[148][31][0]   | cpu/RSTBS/Rst                            |               22 |             32 |
|  n_0_17563_BUFG                       | cpu/datapath/A2/Mem_reg[149][31][0]   | cpu/RSTBS/Rst                            |               22 |             32 |
|  n_0_17563_BUFG                       | cpu/datapath/A2/Mem_reg[14][31][0]    | cpu/RSTBS/Rst                            |               21 |             32 |
|  n_0_17563_BUFG                       | cpu/datapath/A2/Mem_reg[150][31][0]   | cpu/RSTBS/Rst                            |               21 |             32 |
|  n_0_17563_BUFG                       | cpu/datapath/A2/Mem_reg[151][31][0]   | cpu/RSTBS/Rst                            |               19 |             32 |
|  n_0_17563_BUFG                       | cpu/datapath/A2/Mem_reg[152][31][0]   | cpu/RSTBS/Rst                            |               19 |             32 |
|  n_0_17563_BUFG                       | cpu/datapath/A2/Mem_reg[153][31][0]   | cpu/RSTBS/Rst                            |               20 |             32 |
|  n_0_17563_BUFG                       | cpu/datapath/A2/Mem_reg[154][31][0]   | cpu/RSTBS/Rst                            |               17 |             32 |
|  n_0_17563_BUFG                       | cpu/datapath/A2/Mem_reg[155][31][0]   | cpu/RSTBS/Rst                            |               19 |             32 |
|  n_0_17563_BUFG                       | cpu/datapath/A2/Mem_reg[156][31][0]   | cpu/RSTBS/Rst                            |               19 |             32 |
|  n_0_17563_BUFG                       | cpu/datapath/A2/Mem_reg[157][31][0]   | cpu/RSTBS/Rst                            |               16 |             32 |
|  n_0_17563_BUFG                       | cpu/datapath/A2/Mem_reg[158][31][0]   | cpu/RSTBS/Rst                            |               17 |             32 |
|  n_0_17563_BUFG                       | cpu/datapath/A2/Mem_reg[159][31][0]   | cpu/RSTBS/Rst                            |               22 |             32 |
|  n_0_17563_BUFG                       | cpu/datapath/A2/Mem_reg[15][31][0]    | cpu/RSTBS/Rst                            |               27 |             32 |
|  n_0_17563_BUFG                       | cpu/datapath/A2/Mem_reg[160][31][0]   | cpu/RSTBS/Rst                            |               19 |             32 |
|  n_0_17563_BUFG                       | cpu/datapath/A2/Mem_reg[161][31][0]   | cpu/RSTBS/Rst                            |               19 |             32 |
|  n_0_17563_BUFG                       | cpu/datapath/A2/Mem_reg[162][31][0]   | cpu/RSTBS/Rst                            |               18 |             32 |
|  n_0_17563_BUFG                       | cpu/datapath/A2/Mem_reg[163][31][0]   | cpu/RSTBS/Rst                            |               18 |             32 |
|  n_0_17563_BUFG                       | cpu/datapath/A2/Mem_reg[164][31][0]   | cpu/RSTBS/Rst                            |               18 |             32 |
|  n_0_17563_BUFG                       | cpu/datapath/A2/Mem_reg[165][31][0]   | cpu/RSTBS/Rst                            |               17 |             32 |
|  n_0_17563_BUFG                       | cpu/datapath/A2/Mem_reg[166][31][0]   | cpu/RSTBS/Rst                            |               15 |             32 |
|  n_0_17563_BUFG                       | cpu/datapath/A2/Mem_reg[167][31][0]   | cpu/RSTBS/Rst                            |               16 |             32 |
|  n_0_17563_BUFG                       | cpu/datapath/A2/Mem_reg[168][31][0]   | cpu/RSTBS/Rst                            |               16 |             32 |
|  n_0_17563_BUFG                       | cpu/datapath/A2/Mem_reg[169][31][0]   | cpu/RSTBS/Rst                            |               18 |             32 |
|  n_0_17563_BUFG                       | cpu/datapath/A2/E[0]                  | cpu/RSTBS/Rst                            |               21 |             32 |
|  n_0_17563_BUFG                       | cpu/datapath/A2/Mem_reg[100][31][0]   | cpu/RSTBS/Rst                            |               23 |             32 |
|  n_0_17563_BUFG                       | cpu/datapath/A2/Mem_reg[0][31][0]     | cpu/RSTBS/Rst                            |               24 |             32 |
|  n_0_17563_BUFG                       | cpu/datapath/A2/Mem_reg[101][31][0]   | cpu/RSTBS/Rst                            |               23 |             32 |
|  n_0_17563_BUFG                       | cpu/datapath/A2/Mem_reg[102][31][0]   | cpu/RSTBS/Rst                            |               25 |             32 |
|  n_0_17563_BUFG                       | cpu/datapath/A2/Mem_reg[103][31][0]   | cpu/RSTBS/Rst                            |               22 |             32 |
|  n_0_17563_BUFG                       | cpu/datapath/A2/Mem_reg[104][31][0]   | cpu/RSTBS/Rst                            |               23 |             32 |
|  n_0_17563_BUFG                       | cpu/datapath/A2/Mem_reg[105][31][0]   | cpu/RSTBS/Rst                            |               23 |             32 |
|  n_0_17563_BUFG                       | cpu/datapath/A2/Mem_reg[106][31][0]   | cpu/RSTBS/Rst                            |               23 |             32 |
|  n_0_17563_BUFG                       | cpu/datapath/A2/Mem_reg[107][31][0]   | cpu/RSTBS/Rst                            |               21 |             32 |
|  n_0_17563_BUFG                       | cpu/datapath/A2/Mem_reg[108][31][0]   | cpu/RSTBS/Rst                            |               22 |             32 |
|  n_0_17563_BUFG                       | cpu/datapath/A2/Mem_reg[109][31][0]   | cpu/RSTBS/Rst                            |               24 |             32 |
|  n_0_17563_BUFG                       | cpu/datapath/A2/Mem_reg[10][31][0]    | cpu/RSTBS/Rst                            |               25 |             32 |
|  n_0_17563_BUFG                       | cpu/datapath/A2/Mem_reg[110][31][0]   | cpu/RSTBS/Rst                            |               22 |             32 |
|  n_0_17563_BUFG                       | cpu/datapath/A2/Mem_reg[111][31][0]   | cpu/RSTBS/Rst                            |               24 |             32 |
|  n_0_17563_BUFG                       | cpu/datapath/A2/Mem_reg[112][31][0]   | cpu/RSTBS/Rst                            |               20 |             32 |
|  n_0_17563_BUFG                       | cpu/datapath/A2/Mem_reg[113][31][0]   | cpu/RSTBS/Rst                            |               22 |             32 |
|  n_0_17563_BUFG                       | cpu/datapath/A2/Mem_reg[114][31][0]   | cpu/RSTBS/Rst                            |               22 |             32 |
|  n_0_17563_BUFG                       | cpu/datapath/A2/Mem_reg[115][31][0]   | cpu/RSTBS/Rst                            |               20 |             32 |
|  n_0_17563_BUFG                       | cpu/datapath/A2/Mem_reg[116][31][0]   | cpu/RSTBS/Rst                            |               21 |             32 |
|  n_0_17563_BUFG                       | cpu/datapath/A2/Mem_reg[117][31][0]   | cpu/RSTBS/Rst                            |               21 |             32 |
|  n_0_17563_BUFG                       | cpu/datapath/A2/Mem_reg[118][31][0]   | cpu/RSTBS/Rst                            |               22 |             32 |
|  n_0_17563_BUFG                       | cpu/datapath/A2/Mem_reg[119][31][0]   | cpu/RSTBS/Rst                            |               23 |             32 |
|  n_0_17563_BUFG                       | cpu/datapath/A2/Mem_reg[11][31][0]    | cpu/RSTBS/Rst                            |               26 |             32 |
|  n_0_17563_BUFG                       | cpu/datapath/A2/Mem_reg[120][31][0]   | cpu/RSTBS/Rst                            |               21 |             32 |
|  n_0_17563_BUFG                       | cpu/datapath/A2/Mem_reg[121][31][0]   | cpu/RSTBS/Rst                            |               22 |             32 |
|  n_0_17563_BUFG                       | cpu/datapath/A2/Mem_reg[122][31][0]   | cpu/RSTBS/Rst                            |               21 |             32 |
|  n_0_17563_BUFG                       | cpu/datapath/A2/Mem_reg[123][31][0]   | cpu/RSTBS/Rst                            |               22 |             32 |
|  n_0_17563_BUFG                       | cpu/datapath/A2/Mem_reg[124][31][0]   | cpu/RSTBS/Rst                            |               19 |             32 |
|  n_0_17563_BUFG                       | cpu/datapath/A2/Mem_reg[95][31][0]    | cpu/RSTBS/Rst                            |               22 |             32 |
|  n_0_17563_BUFG                       | cpu/datapath/A2/Mem_reg[96][31][0]    | cpu/RSTBS/Rst                            |               24 |             32 |
|  n_0_17563_BUFG                       | cpu/datapath/A2/Mem_reg[97][31][0]    | cpu/RSTBS/Rst                            |               24 |             32 |
|  n_0_17563_BUFG                       | cpu/datapath/A2/Mem_reg[98][31][0]    | cpu/RSTBS/Rst                            |               24 |             32 |
|  n_0_17563_BUFG                       | cpu/datapath/A2/Mem_reg[99][31][0]    | cpu/RSTBS/Rst                            |               25 |             32 |
|  n_0_17563_BUFG                       | cpu/datapath/A2/Mem_reg[9][31][0]     | cpu/RSTBS/Rst                            |               27 |             32 |
|  n_0_17563_BUFG                       | cpu/datapath/A2/Mem_reg[236][31][0]   | cpu/RSTBS/Rst                            |               20 |             32 |
|  n_0_17563_BUFG                       | cpu/datapath/A2/Mem_reg[237][31][0]   | cpu/RSTBS/Rst                            |               22 |             32 |
|  n_0_17563_BUFG                       | cpu/datapath/A2/Mem_reg[238][31][0]   | cpu/RSTBS/Rst                            |               23 |             32 |
|  n_0_17563_BUFG                       | cpu/datapath/A2/Mem_reg[239][31][0]   | cpu/RSTBS/Rst                            |               22 |             32 |
|  n_0_17563_BUFG                       | cpu/datapath/A2/Mem_reg[23][31][0]    | cpu/RSTBS/Rst                            |               20 |             32 |
|  n_0_17563_BUFG                       | cpu/datapath/A2/Mem_reg[240][31][0]   | cpu/RSTBS/Rst                            |               21 |             32 |
|  n_0_17563_BUFG                       | cpu/datapath/A2/Mem_reg[241][31][0]   | cpu/RSTBS/Rst                            |               22 |             32 |
|  n_0_17563_BUFG                       | cpu/datapath/A2/Mem_reg[242][31][0]   | cpu/RSTBS/Rst                            |               21 |             32 |
|  n_0_17563_BUFG                       | cpu/datapath/A2/Mem_reg[243][31][0]   | cpu/RSTBS/Rst                            |               19 |             32 |
|  n_0_17563_BUFG                       | cpu/datapath/A2/Mem_reg[244][31][0]   | cpu/RSTBS/Rst                            |               21 |             32 |
|  n_0_17563_BUFG                       | cpu/datapath/A2/Mem_reg[245][31][0]   | cpu/RSTBS/Rst                            |               20 |             32 |
|  n_0_17563_BUFG                       | cpu/datapath/A2/Mem_reg[246][31][0]   | cpu/RSTBS/Rst                            |               24 |             32 |
|  n_0_17563_BUFG                       | cpu/datapath/A2/Mem_reg[247][31][0]   | cpu/RSTBS/Rst                            |               19 |             32 |
|  n_0_17563_BUFG                       | cpu/datapath/A2/Mem_reg[248][31][0]   | cpu/RSTBS/Rst                            |               21 |             32 |
|  n_0_17563_BUFG                       | cpu/datapath/A2/Mem_reg[249][31][0]   | cpu/RSTBS/Rst                            |               18 |             32 |
|  n_0_17563_BUFG                       | cpu/datapath/A2/Mem_reg[24][31][0]    | cpu/RSTBS/Rst                            |               21 |             32 |
|  n_0_17563_BUFG                       | cpu/datapath/A2/Mem_reg[250][31][0]   | cpu/RSTBS/Rst                            |               19 |             32 |
|  n_0_17563_BUFG                       | cpu/datapath/A2/Mem_reg[251][31][0]   | cpu/RSTBS/Rst                            |               18 |             32 |
|  n_0_17563_BUFG                       | cpu/datapath/A2/Mem_reg[252][31][0]   | cpu/RSTBS/Rst                            |               22 |             32 |
|  n_0_17563_BUFG                       | cpu/datapath/A2/Mem_reg[253][31][0]   | cpu/RSTBS/Rst                            |               21 |             32 |
|  n_0_17563_BUFG                       | cpu/datapath/A2/Mem_reg[254][31][0]   | cpu/RSTBS/Rst                            |               22 |             32 |
|  n_0_17563_BUFG                       | cpu/datapath/A2/Mem_reg[255][31][0]   | cpu/RSTBS/Rst                            |               20 |             32 |
|  n_0_17563_BUFG                       | cpu/datapath/A2/Mem_reg[25][31][0]    | cpu/RSTBS/Rst                            |               22 |             32 |
|  n_0_17563_BUFG                       | cpu/datapath/A2/Mem_reg[26][31][0]    | cpu/RSTBS/Rst                            |               22 |             32 |
|  n_0_17563_BUFG                       | cpu/datapath/A2/Mem_reg[27][31][0]    | cpu/RSTBS/Rst                            |               21 |             32 |
|  n_0_17563_BUFG                       | cpu/datapath/A2/Mem_reg[214][31][0]   | cpu/RSTBS/Rst                            |               22 |             32 |
|  n_0_17563_BUFG                       | cpu/datapath/A2/Mem_reg[215][31][0]   | cpu/RSTBS/Rst                            |               20 |             32 |
|  n_0_17563_BUFG                       | cpu/datapath/A2/Mem_reg[216][31][0]   | cpu/RSTBS/Rst                            |               19 |             32 |
|  n_0_17563_BUFG                       | cpu/datapath/A2/Mem_reg[217][31][0]   | cpu/RSTBS/Rst                            |               19 |             32 |
|  n_0_17563_BUFG                       | cpu/datapath/A2/Mem_reg[218][31][0]   | cpu/RSTBS/Rst                            |               20 |             32 |
|  n_0_17563_BUFG                       | cpu/datapath/A2/Mem_reg[219][31][0]   | cpu/RSTBS/Rst                            |               20 |             32 |
|  n_0_17563_BUFG                       | cpu/datapath/A2/Mem_reg[21][31][0]    | cpu/RSTBS/Rst                            |               20 |             32 |
|  n_0_17563_BUFG                       | cpu/datapath/A2/Mem_reg[220][31][0]   | cpu/RSTBS/Rst                            |               23 |             32 |
|  n_0_17563_BUFG                       | cpu/datapath/A2/Mem_reg[221][31][0]   | cpu/RSTBS/Rst                            |               20 |             32 |
|  n_0_17563_BUFG                       | cpu/datapath/A2/Mem_reg[222][31][0]   | cpu/RSTBS/Rst                            |               21 |             32 |
|  n_0_17563_BUFG                       | cpu/datapath/A2/Mem_reg[223][31][0]   | cpu/RSTBS/Rst                            |               20 |             32 |
|  n_0_17563_BUFG                       | cpu/datapath/A2/Mem_reg[224][31][0]   | cpu/RSTBS/Rst                            |               21 |             32 |
|  n_0_17563_BUFG                       | cpu/datapath/A2/Mem_reg[225][31][0]   | cpu/RSTBS/Rst                            |               23 |             32 |
|  n_0_17563_BUFG                       | cpu/datapath/A2/Mem_reg[226][31][0]   | cpu/RSTBS/Rst                            |               21 |             32 |
|  n_0_17563_BUFG                       | cpu/datapath/A2/Mem_reg[227][31][0]   | cpu/RSTBS/Rst                            |               20 |             32 |
|  n_0_17563_BUFG                       | cpu/datapath/A2/Mem_reg[228][31][0]   | cpu/RSTBS/Rst                            |               22 |             32 |
|  n_0_17563_BUFG                       | cpu/datapath/A2/Mem_reg[229][31][0]   | cpu/RSTBS/Rst                            |               21 |             32 |
|  n_0_17563_BUFG                       | cpu/datapath/A2/Mem_reg[22][31][0]    | cpu/RSTBS/Rst                            |               21 |             32 |
|  n_0_17563_BUFG                       | cpu/datapath/A2/Mem_reg[230][31][0]   | cpu/RSTBS/Rst                            |               24 |             32 |
|  n_0_17563_BUFG                       | cpu/datapath/A2/Mem_reg[231][31][0]   | cpu/RSTBS/Rst                            |               24 |             32 |
|  n_0_17563_BUFG                       | cpu/datapath/A2/Mem_reg[232][31][0]   | cpu/RSTBS/Rst                            |               23 |             32 |
|  n_0_17563_BUFG                       | cpu/datapath/A2/Mem_reg[233][31][0]   | cpu/RSTBS/Rst                            |               20 |             32 |
|  n_0_17563_BUFG                       | cpu/datapath/A2/Mem_reg[234][31][0]   | cpu/RSTBS/Rst                            |               22 |             32 |
|  n_0_17563_BUFG                       | cpu/datapath/A2/Mem_reg[235][31][0]   | cpu/RSTBS/Rst                            |               21 |             32 |
|  n_0_17563_BUFG                       | cpu/datapath/A2/Mem_reg[28][31][0]    | cpu/RSTBS/Rst                            |               22 |             32 |
|  n_0_17563_BUFG                       | cpu/datapath/A2/Mem_reg[29][31][0]    | cpu/RSTBS/Rst                            |               21 |             32 |
|  n_0_17563_BUFG                       | cpu/datapath/A2/Mem_reg[2][31][0]     | cpu/RSTBS/Rst                            |               24 |             32 |
|  n_0_17563_BUFG                       | cpu/datapath/A2/Mem_reg[30][31][0]    | cpu/RSTBS/Rst                            |               21 |             32 |
|  n_0_17563_BUFG                       | cpu/datapath/A2/Mem_reg[31][31][0]    | cpu/RSTBS/Rst                            |               21 |             32 |
|  n_0_17563_BUFG                       | cpu/datapath/A2/Mem_reg[32][31][0]    | cpu/RSTBS/Rst                            |               21 |             32 |
|  n_0_17563_BUFG                       | cpu/datapath/A2/Mem_reg[33][31][0]    | cpu/RSTBS/Rst                            |               22 |             32 |
|  n_0_17563_BUFG                       | cpu/datapath/A2/Mem_reg[34][31][0]    | cpu/RSTBS/Rst                            |               26 |             32 |
|  n_0_17563_BUFG                       | cpu/datapath/A2/Mem_reg[35][31][0]    | cpu/RSTBS/Rst                            |               25 |             32 |
|  n_0_17563_BUFG                       | cpu/datapath/A2/Mem_reg[36][31][0]    | cpu/RSTBS/Rst                            |               22 |             32 |
|  n_0_17563_BUFG                       | cpu/datapath/A2/Mem_reg[37][31][0]    | cpu/RSTBS/Rst                            |               19 |             32 |
|  n_0_17563_BUFG                       | cpu/datapath/A2/Mem_reg[38][31][0]    | cpu/RSTBS/Rst                            |               21 |             32 |
|  n_0_17563_BUFG                       | cpu/datapath/A2/Mem_reg[39][31][0]    | cpu/RSTBS/Rst                            |               19 |             32 |
|  n_0_17563_BUFG                       | cpu/datapath/A2/Mem_reg[3][31][0]     | cpu/RSTBS/Rst                            |               25 |             32 |
|  n_0_17563_BUFG                       | cpu/datapath/A2/Mem_reg[40][31][0]    | cpu/RSTBS/Rst                            |               25 |             32 |
|  n_0_17563_BUFG                       | cpu/datapath/A2/Mem_reg[41][31][0]    | cpu/RSTBS/Rst                            |               24 |             32 |
|  n_0_17563_BUFG                       | cpu/datapath/A2/Mem_reg[42][31][0]    | cpu/RSTBS/Rst                            |               22 |             32 |
|  n_0_17563_BUFG                       | cpu/datapath/A2/Mem_reg[43][31][0]    | cpu/RSTBS/Rst                            |               21 |             32 |
|  n_0_17563_BUFG                       | cpu/datapath/A2/Mem_reg[44][31][0]    | cpu/RSTBS/Rst                            |               23 |             32 |
|  n_0_17563_BUFG                       | cpu/datapath/A2/Mem_reg[45][31][0]    | cpu/RSTBS/Rst                            |               21 |             32 |
|  n_0_17563_BUFG                       | cpu/datapath/A2/Mem_reg[46][31][0]    | cpu/RSTBS/Rst                            |               20 |             32 |
|  n_0_17563_BUFG                       | cpu/datapath/A2/Mem_reg[47][31][0]    | cpu/RSTBS/Rst                            |               23 |             32 |
|  n_0_17563_BUFG                       | cpu/datapath/A2/Mem_reg[48][31][0]    | cpu/RSTBS/Rst                            |               23 |             32 |
|  n_0_17563_BUFG                       | cpu/datapath/A2/Mem_reg[49][31][0]    | cpu/RSTBS/Rst                            |               25 |             32 |
|  n_0_17563_BUFG                       | cpu/datapath/A2/Mem_reg[4][31][0]     | cpu/RSTBS/Rst                            |               23 |             32 |
|  n_0_17563_BUFG                       | cpu/datapath/A2/Mem_reg[50][31][0]    | cpu/RSTBS/Rst                            |               25 |             32 |
|  n_0_17563_BUFG                       | cpu/datapath/A2/Mem_reg[51][31][0]    | cpu/RSTBS/Rst                            |               26 |             32 |
|  n_0_17563_BUFG                       | cpu/datapath/A2/Mem_reg[52][31][0]    | cpu/RSTBS/Rst                            |               26 |             32 |
|  n_0_17563_BUFG                       | cpu/datapath/A2/Mem_reg[53][31][0]    | cpu/RSTBS/Rst                            |               22 |             32 |
|  n_0_17563_BUFG                       | cpu/datapath/A2/Mem_reg[54][31][0]    | cpu/RSTBS/Rst                            |               25 |             32 |
|  n_0_17563_BUFG                       | cpu/datapath/A2/Mem_reg[55][31][0]    | cpu/RSTBS/Rst                            |               23 |             32 |
|  n_0_17563_BUFG                       | cpu/datapath/A2/Mem_reg[56][31][0]    | cpu/RSTBS/Rst                            |               24 |             32 |
|  n_0_17563_BUFG                       | cpu/datapath/A2/Mem_reg[57][31][0]    | cpu/RSTBS/Rst                            |               25 |             32 |
|  n_0_17563_BUFG                       | cpu/datapath/A2/Mem_reg[58][31][0]    | cpu/RSTBS/Rst                            |               24 |             32 |
|  n_0_17563_BUFG                       | cpu/datapath/A2/Mem_reg[59][31][0]    | cpu/RSTBS/Rst                            |               26 |             32 |
|  n_0_17563_BUFG                       | cpu/datapath/A2/Mem_reg[5][31][0]     | cpu/RSTBS/Rst                            |               23 |             32 |
|  n_0_17563_BUFG                       | cpu/datapath/A2/Mem_reg[60][31][0]    | cpu/RSTBS/Rst                            |               25 |             32 |
|  n_0_17563_BUFG                       | cpu/datapath/A2/Mem_reg[61][31][0]    | cpu/RSTBS/Rst                            |               23 |             32 |
|  n_0_17563_BUFG                       | cpu/datapath/A2/Mem_reg[62][31][0]    | cpu/RSTBS/Rst                            |               25 |             32 |
|  n_0_17563_BUFG                       | cpu/datapath/A2/Mem_reg[63][31][0]    | cpu/RSTBS/Rst                            |               21 |             32 |
|  n_0_17563_BUFG                       | cpu/datapath/A2/Mem_reg[64][31][0]    | cpu/RSTBS/Rst                            |               22 |             32 |
|  n_0_17563_BUFG                       | cpu/datapath/A2/Mem_reg[65][31][0]    | cpu/RSTBS/Rst                            |               21 |             32 |
|  n_0_17563_BUFG                       | cpu/datapath/A2/Mem_reg[66][31][0]    | cpu/RSTBS/Rst                            |               21 |             32 |
|  n_0_17563_BUFG                       | cpu/datapath/A2/Mem_reg[67][31][0]    | cpu/RSTBS/Rst                            |               22 |             32 |
|  n_0_17563_BUFG                       | cpu/datapath/A2/Mem_reg[68][31][0]    | cpu/RSTBS/Rst                            |               20 |             32 |
|  n_0_17563_BUFG                       | cpu/datapath/A2/Mem_reg[69][31][0]    | cpu/RSTBS/Rst                            |               21 |             32 |
|  n_0_17563_BUFG                       | cpu/datapath/A2/Mem_reg[6][31][0]     | cpu/RSTBS/Rst                            |               26 |             32 |
|  n_0_17563_BUFG                       | cpu/datapath/A2/Mem_reg[70][31][0]    | cpu/RSTBS/Rst                            |               21 |             32 |
|  n_0_17563_BUFG                       | cpu/datapath/A2/Mem_reg[71][31][0]    | cpu/RSTBS/Rst                            |               22 |             32 |
|  n_0_17563_BUFG                       | cpu/datapath/A2/Mem_reg[72][31][0]    | cpu/RSTBS/Rst                            |               21 |             32 |
|  n_0_17563_BUFG                       | cpu/datapath/A2/Mem_reg[73][31][0]    | cpu/RSTBS/Rst                            |               21 |             32 |
|  n_0_17563_BUFG                       | cpu/datapath/A2/Mem_reg[74][31][0]    | cpu/RSTBS/Rst                            |               21 |             32 |
|  n_0_17563_BUFG                       | cpu/datapath/A2/Mem_reg[75][31][0]    | cpu/RSTBS/Rst                            |               23 |             32 |
|  n_0_17563_BUFG                       | cpu/datapath/A2/Mem_reg[76][31][0]    | cpu/RSTBS/Rst                            |               21 |             32 |
|  n_0_17563_BUFG                       | cpu/datapath/A2/Mem_reg[77][31][0]    | cpu/RSTBS/Rst                            |               21 |             32 |
|  n_0_17563_BUFG                       | cpu/datapath/A2/Mem_reg[78][31][0]    | cpu/RSTBS/Rst                            |               21 |             32 |
|  n_0_17563_BUFG                       | cpu/datapath/A2/Mem_reg[79][31][0]    | cpu/RSTBS/Rst                            |               20 |             32 |
|  n_0_17563_BUFG                       | cpu/datapath/A2/Mem_reg[7][31][0]     | cpu/RSTBS/Rst                            |               24 |             32 |
|  n_0_17563_BUFG                       | cpu/datapath/A2/Mem_reg[80][31][0]    | cpu/RSTBS/Rst                            |               22 |             32 |
|  n_0_17563_BUFG                       | cpu/datapath/A2/Mem_reg[81][31][0]    | cpu/RSTBS/Rst                            |               21 |             32 |
|  n_0_17563_BUFG                       | cpu/datapath/A2/Mem_reg[82][31][0]    | cpu/RSTBS/Rst                            |               22 |             32 |
|  n_0_17563_BUFG                       | cpu/datapath/A2/Mem_reg[83][31][0]    | cpu/RSTBS/Rst                            |               24 |             32 |
|  n_0_17563_BUFG                       | cpu/datapath/A2/Mem_reg[84][31][0]    | cpu/RSTBS/Rst                            |               21 |             32 |
|  n_0_17563_BUFG                       | cpu/datapath/A2/Mem_reg[85][31][0]    | cpu/RSTBS/Rst                            |               23 |             32 |
|  n_0_17563_BUFG                       | cpu/datapath/A2/Mem_reg[86][31][0]    | cpu/RSTBS/Rst                            |               23 |             32 |
|  n_0_17563_BUFG                       | cpu/datapath/A2/Mem_reg[87][31][0]    | cpu/RSTBS/Rst                            |               23 |             32 |
|  n_0_17563_BUFG                       | cpu/datapath/A2/Mem_reg[88][31][0]    | cpu/RSTBS/Rst                            |               22 |             32 |
|  n_0_17563_BUFG                       | cpu/datapath/A2/Mem_reg[89][31][0]    | cpu/RSTBS/Rst                            |               22 |             32 |
|  n_0_17563_BUFG                       | cpu/datapath/A2/Mem_reg[8][31][0]     | cpu/RSTBS/Rst                            |               26 |             32 |
|  n_0_17563_BUFG                       | cpu/datapath/A2/Mem_reg[90][31][0]    | cpu/RSTBS/Rst                            |               20 |             32 |
|  n_0_17563_BUFG                       | cpu/datapath/A2/Mem_reg[91][31][0]    | cpu/RSTBS/Rst                            |               26 |             32 |
|  n_0_17563_BUFG                       | cpu/datapath/A2/Mem_reg[92][31][0]    | cpu/RSTBS/Rst                            |               24 |             32 |
|  n_0_17563_BUFG                       | cpu/datapath/A2/Mem_reg[93][31][0]    | cpu/RSTBS/Rst                            |               23 |             32 |
|  n_0_17563_BUFG                       | cpu/datapath/A2/Mem_reg[94][31][0]    | cpu/RSTBS/Rst                            |               22 |             32 |
|  n_0_17563_BUFG                       | cpu/datapath/A3/E[0]                  |                                          |               11 |             32 |
|  n_0_17563_BUFG                       | cpu/datapath/A2/Mem_reg[16][31][0]    | cpu/RSTBS/Rst                            |               20 |             32 |
|  n_0_17563_BUFG                       | cpu/datapath/A2/Mem_reg[170][31][0]   | cpu/RSTBS/Rst                            |               21 |             32 |
|  clk_IBUF_BUFG                        |                                       | cpu/divider/clear                        |                8 |             32 |
|  clk_IBUF_BUFG                        |                                       | finddata/showDivider/counter[31]_i_1_n_3 |                8 |             32 |
|  n_1_17487_BUFG                       |                                       |                                          |               19 |             43 |
|  n_0_17563_BUFG                       |                                       | cpu/RSTBS/Rst                            |               20 |             48 |
|  n_0_17563_BUFG                       | cpu/datapath/A3/RegWrite              |                                          |               12 |             96 |
+---------------------------------------+---------------------------------------+------------------------------------------+------------------+----------------+


